---
source: crates/rome_js_analyze/tests/spec_tests.rs
expression: flipBinExp.js
---
# Input
```js
if (a < b) {
}
// if (a > b) {
// }
// if (a <= b) {
// }
// if (a >= b) {
// }
// if (a == b) {
// }
// if (a === b) {
// }
// if (a != b) {
// }
// if (a !== b) {
// }

// const a = b + c;
// const a = b - c;
// const a = b * c;
// const a = b / c;
// const a = b % c;
// const a = b ** c;

// const a = b << c;
// const a = b >> c;
// const a = b >>> c;
// const a = b & c;
// const a = b | c;
// const a = b ^ c;

```

# Actions
```
    | @@ -1,4 +1,4 @@
0   | - if (a < b) {
  0 | + if (b > a) {
1 1 |   }
2 2 |   // if (a > b) {
3 3 |   // }

```


