---
source: crates/rome_cli/tests/snap_test.rs
assertion_line: 138
expression: content
---
## `format.js`

```js
statement();

```

# Emitted Messages

```block
chore:{"formatter":{"summary":{"filesCompared":null,"filesWritten":1},"files":{}},"diagnostics":{}}
```


